BL51 BANKED LINKER/LOCATER V6.22.2.0                                                    01/24/2021  15:32:47  PAGE 1


BL51 BANKED LINKER/LOCATER V6.22.2.0, INVOKED BY:
C:\USERS\PRAKHAR\DESKTOP\C51\BIN\BL51.EXE .\Objects\test.obj TO .\Objects\test PRINT (.\Listings\test.m51) RAMSIZE (256)
>> 


INPUT MODULES INCLUDED:
  .\Objects\test.obj (TEST)


LINK MAP OF MODULE:  .\Objects\test (TEST)


            TYPE    BASE      LENGTH    RELOCATION   SEGMENT NAME
            -----------------------------------------------------

            * * * * * * *   D A T A   M E M O R Y   * * * * * * *
            REG     0000H     0008H     ABSOLUTE     "REG BANK 0"

            * * * * * * *   C O D E   M E M O R Y   * * * * * * *
            CODE    0000H     0015H     ABSOLUTE     



SYMBOL TABLE OF MODULE:  .\Objects\test (TEST)

  VALUE           TYPE          NAME
  ----------------------------------

  -------         MODULE        TEST
  C:0007H         SYMBOL        LOOP
  C:0010H         SYMBOL        LOOP_END
  C:0000H         LINE#         65533
  C:0002H         LINE#         2
  C:0005H         LINE#         3
  C:0007H         LINE#         4
  C:0008H         LINE#         5
  C:000BH         LINE#         6
  C:000CH         LINE#         7
  C:000EH         LINE#         8
  C:000FH         LINE#         9
  C:0010H         LINE#         10
  C:0013H         LINE#         11
  -------         ENDMOD        TEST

******************************************************************************
* RESTRICTED VERSION WITH 0800H BYTE CODE SIZE LIMIT; USED: 0015H BYTE ( 1%) *
******************************************************************************

Program Size: data=8.0 xdata=0 code=21
LINK/LOCATE RUN COMPLETE.  0 WARNING(S),  0 ERROR(S)
